// Jest Snapshot v1, https://goo.gl/fbAQLP

exports[`App has a valid snapshot 1`] = `
<div
  className="page"
>
  <div
    className="interactions"
  >
    <form
      onSubmit={[Function]}
    >
      <input
        onChange={[Function]}
        type="text"
        value="redux"
      />
      <button
        type="submit"
      >
         Search
      </button>
    </form>
    <div
      className="table"
    />
    <div
      className="interactions"
    >
      <button
        onClick={[Function]}
        type="button"
      >
        More
      </button>
    </div>
  </div>
</div>
`;
